PASS completed explanation grid: gabriel
PASS completed explanation grid: dandan
PASS completed explanation grid: mathias_goodreads
Observed missing-title validation ordering; see validation-order.json
PASS all scoring math modules unchanged since Task 12; recommend and series outlook AST unchanged
PASS endpoint HTTP grid: gabriel
PASS endpoint HTTP grid: dandan
WARNING: unrecognized user rule key(s), ignored: ['genre:fantasy', 'genre:sci_fi']
WARNING: unrecognized user rule key(s), ignored: ['genre:fantasy', 'genre:sci_fi']
WARNING: unrecognized user rule key(s), ignored: ['genre:fantasy', 'genre:sci_fi']
WARNING: unrecognized user rule key(s), ignored: ['genre:fantasy', 'genre:sci_fi']
WARNING: unrecognized user rule key(s), ignored: ['genre:fantasy', 'genre:sci_fi']
WARNING: unrecognized user rule key(s), ignored: ['genre:fantasy', 'genre:sci_fi']
WARNING: unrecognized user rule key(s), ignored: ['genre:fantasy', 'genre:sci_fi']
WARNING: unrecognized user rule key(s), ignored: ['genre:fantasy', 'genre:sci_fi']
WARNING: unrecognized user rule key(s), ignored: ['genre:fantasy', 'genre:sci_fi']
WARNING: unrecognized user rule key(s), ignored: ['genre:fantasy', 'genre:sci_fi']
WARNING: unrecognized user rule key(s), ignored: ['genre:fantasy', 'genre:sci_fi']
WARNING: unrecognized user rule key(s), ignored: ['genre:fantasy', 'genre:sci_fi']
WARNING: unrecognized user rule key(s), ignored: ['genre:fantasy', 'genre:sci_fi']
WARNING: unrecognized user rule key(s), ignored: ['genre:fantasy', 'genre:sci_fi']
WARNING: unrecognized user rule key(s), ignored: ['genre:fantasy', 'genre:sci_fi']
WARNING: unrecognized user rule key(s), ignored: ['genre:fantasy', 'genre:sci_fi']
WARNING: unrecognized user rule key(s), ignored: ['genre:fantasy', 'genre:sci_fi']
WARNING: unrecognized user rule key(s), ignored: ['genre:fantasy', 'genre:sci_fi']
WARNING: unrecognized user rule key(s), ignored: ['genre:fantasy', 'genre:sci_fi']
WARNING: unrecognized user rule key(s), ignored: ['genre:fantasy', 'genre:sci_fi']
WARNING: unrecognized user rule key(s), ignored: ['genre:fantasy', 'genre:sci_fi']
WARNING: unrecognized user rule key(s), ignored: ['genre:fantasy', 'genre:sci_fi']
WARNING: unrecognized user rule key(s), ignored: ['genre:fantasy', 'genre:sci_fi']
WARNING: unrecognized user rule key(s), ignored: ['genre:fantasy', 'genre:sci_fi']
WARNING: unrecognized user rule key(s), ignored: ['genre:fantasy', 'genre:sci_fi']
WARNING: unrecognized user rule key(s), ignored: ['genre:fantasy', 'genre:sci_fi']
WARNING: unrecognized user rule key(s), ignored: ['genre:fantasy', 'genre:sci_fi']
WARNING: unrecognized user rule key(s), ignored: ['genre:fantasy', 'genre:sci_fi']
WARNING: unrecognized user rule key(s), ignored: ['genre:fantasy', 'genre:sci_fi']
WARNING: unrecognized user rule key(s), ignored: ['genre:fantasy', 'genre:sci_fi']
WARNING: unrecognized user rule key(s), ignored: ['genre:fantasy', 'genre:sci_fi']
WARNING: unrecognized user rule key(s), ignored: ['genre:fantasy', 'genre:sci_fi']
WARNING: unrecognized user rule key(s), ignored: ['genre:fantasy', 'genre:sci_fi']
WARNING: unrecognized user rule key(s), ignored: ['genre:fantasy', 'genre:sci_fi']
WARNING: unrecognized user rule key(s), ignored: ['genre:fantasy', 'genre:sci_fi']
WARNING: unrecognized user rule key(s), ignored: ['genre:fantasy', 'genre:sci_fi']
WARNING: unrecognized user rule key(s), ignored: ['genre:fantasy', 'genre:sci_fi']
WARNING: unrecognized user rule key(s), ignored: ['genre:fantasy', 'genre:sci_fi']
WARNING: unrecognized user rule key(s), ignored: ['genre:fantasy', 'genre:sci_fi']
WARNING: unrecognized user rule key(s), ignored: ['genre:fantasy', 'genre:sci_fi']
WARNING: unrecognized user rule key(s), ignored: ['genre:fantasy', 'genre:sci_fi']
WARNING: unrecognized user rule key(s), ignored: ['genre:fantasy', 'genre:sci_fi']
WARNING: unrecognized user rule key(s), ignored: ['genre:fantasy', 'genre:sci_fi']
WARNING: unrecognized user rule key(s), ignored: ['genre:fantasy', 'genre:sci_fi']
WARNING: unrecognized user rule key(s), ignored: ['genre:fantasy', 'genre:sci_fi']
WARNING: unrecognized user rule key(s), ignored: ['genre:fantasy', 'genre:sci_fi']
WARNING: unrecognized user rule key(s), ignored: ['genre:fantasy', 'genre:sci_fi']
WARNING: unrecognized user rule key(s), ignored: ['genre:fantasy', 'genre:sci_fi']
PASS endpoint HTTP grid: mathias_goodreads
WARNING: not found in catalog: ['The Traitor God']
WARNING: not found in catalog: ['The Traitor God']
WARNING: not found in catalog: ['The Traitor God']
WARNING: not found in catalog: ['The Traitor God']
WARNING: not found in catalog: ['The Traitor God']
WARNING: not found in catalog: ['The Traitor God']
WARNING: not found in catalog: ['The Traitor God']
WARNING: not found in catalog: ['The Traitor God']
WARNING: not found in catalog: ['The Traitor God']
WARNING: not found in catalog: ['The Traitor God']
WARNING: not found in catalog: ['The Traitor God']
WARNING: not found in catalog: ['The Traitor God']
WARNING: not found in catalog: ['The Traitor God']
WARNING: not found in catalog: ['The Traitor God']
WARNING: not found in catalog: ['The Traitor God']
WARNING: not found in catalog: ['The Traitor God']
WARNING: not found in catalog: ['The Traitor God']
WARNING: not found in catalog: ['The Traitor God']
WARNING: not found in catalog: ['Missing reader title']
WARNING: unknown rating label (must be one of ['disliked', 'hated', 'it_was_okay', 'liked', 'loved']): [('The Traitor God', 'bogus')]
WARNING: not found in catalog: ['Missing reader title']
WARNING: unknown rating label (must be one of ['disliked', 'hated', 'it_was_okay', 'liked', 'loved']): [('The Traitor God', 'bogus')]
WARNING: not found in catalog: ['Missing reader title']
WARNING: unknown rating label (must be one of ['disliked', 'hated', 'it_was_okay', 'liked', 'loved']): [('The Traitor God', 'bogus')]
WARNING: not found in catalog: ['Missing reader title']
WARNING: unknown rating label (must be one of ['disliked', 'hated', 'it_was_okay', 'liked', 'loved']): [('The Traitor God', 'bogus')]
WARNING: not found in catalog: ['Missing reader title']
WARNING: unknown rating label (must be one of ['disliked', 'hated', 'it_was_okay', 'liked', 'loved']): [('The Traitor God', 'bogus')]
WARNING: not found in catalog: ['Missing reader title']
WARNING: unknown rating label (must be one of ['disliked', 'hated', 'it_was_okay', 'liked', 'loved']): [('The Traitor God', 'bogus')]
WARNING: not found in catalog: ['Missing reader title', 'The Traitor God']
WARNING: not found in catalog: ['Missing reader title', 'The Traitor God']
WARNING: not found in catalog: ['Missing reader title', 'The Traitor God']
WARNING: not found in catalog: ['Missing reader title', 'The Traitor God']
WARNING: not found in catalog: ['Missing reader title', 'The Traitor God']
WARNING: not found in catalog: ['Missing reader title', 'The Traitor God']
PASS fault isolation reproduction: each individual genre failure leaves 2 singles usable but makes all endpoint return 500
PASS real CLI demo: full stdout byte-identical
PASS canonical suite baseline/current/live byte-identical (collateral evidence; no direct explain_match coverage)
COUNTS {"wrapper_results": 1350, "wrapper_stdout": 1350, "manual_bundle_no_map": 1350, "manual_bundle_with_map": 1350, "bundle_not_mutated": 18, "edge_result": 40, "http_old_intermediate": 36, "http_old_current": 36, "http_all_vs_singles": 12, "thin_http_success": 10, "http_validation": 4, "http_auth_missing": 2}
MISMATCHES 0
